
> personal-news-board@0.1.0 build
> next build

▲ Next.js 16.1.6 (Turbopack)
- Environments: .env.local

  Creating an optimized production build ...
node.exe : 
At line:1 char:1
+ & "C:\Program Files\nodejs/node.exe" "C:\Users\caokh\AppData\Roaming\ ...
+ ~~~~~~~~~~~~~~~~~~~~~~~~~~~~~~~~~~~~~~~~~~~~~~~~~~~~~~~~~~~~~~~~~~~~~
    + CategoryInfo          : NotSpecified: (:String) [], RemoteException
    + FullyQualifiedErrorId : NativeCommandError
 
> Build error occurred
Error: Turbopack build failed with 1 errors:
./src/components/EventCalendar.module.css
Error evaluating Node.js code
CssSyntaxError: C:\Users\caokh\.gemini\antigravity\scratch\personal-news-board
\src\components\EventCalendar.module.css:1172:1: Unexpected }
    at Input.error (node_modules/postcss/lib/input.js:135:16) [C:\Users\caokh\
.gemini\antigravity\scratch\personal-news-board\.next\build\chunks\node_module
s_fe693df6._.js:4651:22]
    at Parser.unexpectedClose (node_modules/postcss/lib/parser.js:587:22) [C:\
Users\caokh\.gemini\antigravity\scratch\personal-news-board\.next\build\chunks
\node_modules_fe693df6._.js:5828:26]
    at Parser.end (node_modules/postcss/lib/parser.js:330:12) [C:\Users\caokh\
.gemini\antigravity\scratch\personal-news-board\.next\build\chunks\node_module
s_fe693df6._.js:5601:18]
    at Parser.parse (node_modules/postcss/lib/parser.js:456:16) [C:\Users\caok
h\.gemini\antigravity\scratch\personal-news-board\.next\build\chunks\node_modu
les_fe693df6._.js:5712:26]
    at parse (node_modules/postcss/lib/parse.js:11:12) [C:\Users\caokh\.gemini
\antigravity\scratch\personal-news-board\.next\build\chunks\node_modules_fe693
df6._.js:5861:16]
    at new LazyResult (node_modules/postcss/lib/lazy-result.js:165:16) [C:\Use
rs\caokh\.gemini\antigravity\scratch\personal-news-board\.next\build\chunks\no
de_modules_fe693df6._.js:6113:24]
    at Processor.process (node_modules/postcss/lib/processor.js:53:14) [C:\Use
rs\caokh\.gemini\antigravity\scratch\personal-news-board\.next\build\chunks\no
de_modules_fe693df6._.js:6579:20]
    at transform (turbopack:///[turbopack-node]/transforms/postcss.ts:70:51) [
C:\Users\caokh\.gemini\antigravity\scratch\personal-news-board\.next\build\chu
nks\[root-of-the-server]__51225daf._.js:146:52]
    at run (turbopack:///[turbopack-node]/ipc/evaluate.ts:92:29) [C:\Users\cao
kh\.gemini\antigravity\scratch\personal-news-board\.next\build\chunks\[root-of
-the-server]__974941ed._.js:443:37]
    at run (turbopack:///[turbopack-node]/ipc/evaluate.ts:115:11) [C:\Users\ca
okh\.gemini\antigravity\scratch\personal-news-board\.next\build\chunks\[root-o
f-the-server]__974941ed._.js:464:25]

Import traces:
  Client Component Browser:
    ./src/components/EventCalendar.module.css [Client Component Browser]
    ./src/components/EventCalendar.tsx [Client Component Browser]
    ./src/components/EventCalendar.tsx [Server Component]
    ./src/app/page.tsx [Server Component]

  Client Component SSR:
    ./src/components/EventCalendar.module.css [Client Component SSR]
    ./src/components/EventCalendar.tsx [Client Component SSR]
    ./src/components/EventCalendar.tsx [Server Component]
    ./src/app/page.tsx [Server Component]


    at transform (turbopack:///[turbopack-node]/transforms/postcss.ts:70:51) [
C:\Users\caokh\.gemini\antigravity\scratch\personal-news-board\.next\build\chu
nks\[root-of-the-server]__51225daf._.js:146:52])
    at run (turbopack:///[turbopack-node]/ipc/evaluate.ts:92:29) [C:\Users\cao
kh\.gemini\antigravity\scratch\personal-news-board\.next\build\chunks\[root-of
-the-server]__974941ed._.js:443:37])
    at run (turbopack:///[turbopack-node]/ipc/evaluate.ts:115:11) [C:\Users\ca
okh\.gemini\antigravity\scratch\personal-news-board\.next\build\chunks\[root-o
f-the-server]__974941ed._.js:464:25])
